Info: Starting: Create simulation model
Info: qsys-generate C:\Users\henan21\Desktop\FPGA\TestV1\verilog\LDPCencode.qsys --simulation=VERILOG --allow-mixed-language-simulation --output-directory=C:\Users\henan21\Desktop\FPGA\TestV1\verilog\LDPCencode\simulation --family="Cyclone V" --part=5CSEMA5F31C6
Progress: Loading verilog/LDPCencode.qsys
Progress: Reading input file
Progress: Adding ldpc_0 [altera_ldpc 18.1]
Progress: Parameterizing module ldpc_0
Progress: Building connections
Progress: Parameterizing connections
Progress: Validating
Progress: Done reading input file
Info: LDPCencode: Generating LDPCencode "LDPCencode" for SIM_VERILOG
Info: ldpc_0: "LDPCencode" instantiated altera_ldpc "ldpc_0"
Info: encoder: "ldpc_0" instantiated altera_ldpc_enc "encoder"
Info: wimedia: "encoder" instantiated altera_ldpc_wimedia_enc "wimedia"
Info: LDPCencode: Done "LDPCencode" with 4 modules, 18 files
Info: qsys-generate succeeded.
Info: Finished: Create simulation model
Info: Starting: Create Modelsim Project.
Info: sim-script-gen --spd=C:\Users\henan21\Desktop\FPGA\TestV1\verilog\LDPCencode\LDPCencode.spd --output-directory=C:/Users/henan21/Desktop/FPGA/TestV1/verilog/LDPCencode/simulation/ --use-relative-paths=true
Info: Doing: ip-make-simscript --spd=C:\Users\henan21\Desktop\FPGA\TestV1\verilog\LDPCencode\LDPCencode.spd --output-directory=C:/Users/henan21/Desktop/FPGA/TestV1/verilog/LDPCencode/simulation/ --use-relative-paths=true
Info: Generating the following file(s) for MODELSIM simulator in C:/Users/henan21/Desktop/FPGA/TestV1/verilog/LDPCencode/simulation/ directory:
Info: 	mentor/msim_setup.tcl
Info: Generating the following file(s) for VCS simulator in C:/Users/henan21/Desktop/FPGA/TestV1/verilog/LDPCencode/simulation/ directory:
Info: 	synopsys/vcs/vcs_setup.sh
Info: Generating the following file(s) for VCSMX simulator in C:/Users/henan21/Desktop/FPGA/TestV1/verilog/LDPCencode/simulation/ directory:
Info: 	synopsys/vcsmx/synopsys_sim.setup
Info: 	synopsys/vcsmx/vcsmx_setup.sh
Info: Generating the following file(s) for NCSIM simulator in C:/Users/henan21/Desktop/FPGA/TestV1/verilog/LDPCencode/simulation/ directory:
Info: 	cadence/cds.lib
Info: 	cadence/hdl.var
Info: 	cadence/ncsim_setup.sh
Info: 	3 .cds.lib files in cadence/cds_libs/ directory
Info: Generating the following file(s) for RIVIERA simulator in C:/Users/henan21/Desktop/FPGA/TestV1/verilog/LDPCencode/simulation/ directory:
Info: 	aldec/rivierapro_setup.tcl
Info: For information on how to simulate your IP, see the explanatory comments in the simulator-specific subdirectories under C:/Users/henan21/Desktop/FPGA/TestV1/verilog/LDPCencode/simulation/.
Info: Regenerate these scripts whenever you make any change to any Quartus-generated IP in your project.
Info: Finished: Create Modelsim Project.
Info: Starting: Create block symbol file (.bsf)
Info: qsys-generate C:\Users\henan21\Desktop\FPGA\TestV1\verilog\LDPCencode.qsys --block-symbol-file --output-directory=C:\Users\henan21\Desktop\FPGA\TestV1\verilog\LDPCencode --family="Cyclone V" --part=5CSEMA5F31C6
Progress: Loading verilog/LDPCencode.qsys
Progress: Reading input file
Progress: Adding ldpc_0 [altera_ldpc 18.1]
Progress: Parameterizing module ldpc_0
Progress: Building connections
Progress: Parameterizing connections
Progress: Validating
Progress: Done reading input file
Info: qsys-generate succeeded.
Info: Finished: Create block symbol file (.bsf)
Info: 
Info: Starting: Create HDL design files for synthesis
Info: qsys-generate C:\Users\henan21\Desktop\FPGA\TestV1\verilog\LDPCencode.qsys --synthesis=VERILOG --greybox --output-directory=C:\Users\henan21\Desktop\FPGA\TestV1\verilog\LDPCencode\synthesis --family="Cyclone V" --part=5CSEMA5F31C6
Progress: Loading verilog/LDPCencode.qsys
Progress: Reading input file
Progress: Adding ldpc_0 [altera_ldpc 18.1]
Progress: Parameterizing module ldpc_0
Progress: Building connections
Progress: Parameterizing connections
Progress: Validating
Progress: Done reading input file
Info: LDPCencode: Generating LDPCencode "LDPCencode" for QUARTUS_SYNTH
Info: ldpc_0: "LDPCencode" instantiated altera_ldpc "ldpc_0"
Info: encoder: "ldpc_0" instantiated altera_ldpc_enc "encoder"
Info: wimedia: "encoder" instantiated altera_ldpc_wimedia_enc "wimedia"
Info: LDPCencode: Done "LDPCencode" with 4 modules, 15 files
Info: Generating third-party timing and resource estimation model ...
Info: Done generating third-party timing and resource estimation model.
Info: qsys-generate succeeded.
Info: Finished: Create HDL design files for synthesis
